// Jest Snapshot v1, https://goo.gl/fbAQLP

exports[`Home should render input 1`] = `
Object {
  "asFragment": [Function],
  "baseElement": <body>
    <div>
      <div
        class="MuiBox-root MuiBox-root-1"
      >
        <div
          class="MuiBox-root MuiBox-root-2"
        >
          <p
            class="MuiTypography-root MuiTypography-body2 css-1ofxksp-MuiTypography-root"
            data-testid="typo"
          >
            Get The Key Ideas From
          </p>
          <h1
            class="MuiTypography-root MuiTypography-h1 css-gmx1yk-MuiTypography-root"
            data-testid="typo"
          >
            Beyond Entrepreneurship
          </h1>
          <h6
            class="MuiTypography-root MuiTypography-subtitle2 css-1ax2xp1-MuiTypography-root"
            data-testid="typo"
          >
            Turning Your Business into an Enduring Great Company
          </h6>
          <p
            class="MuiTypography-root MuiTypography-body1 css-1m2q8tz-MuiTypography-root"
            data-testid="typo"
          >
            by Jim Collins & Bill Lazier
          </p>
          <span
            class="MuiTypography-root MuiTypography-caption css-1indtro-MuiTypography-root"
            data-testid="typo"
          >
            15 minute-read
          </span>
          <div
            data-testid="box"
          >
            <svg
              aria-hidden="true"
              class="MuiSvgIcon-root MuiSvgIcon-fontSizeMedium css-f9sn5-MuiSvgIcon-root"
              data-testid="AccessTimeOutlinedIcon"
              focusable="false"
              viewBox="0 0 24 24"
            >
              <path
                d="M11.99 2C6.47 2 2 6.48 2 12s4.47 10 9.99 10C17.52 22 22 17.52 22 12S17.52 2 11.99 2zM12 20c-4.42 0-8-3.58-8-8s3.58-8 8-8 8 3.58 8 8-3.58 8-8 8zm.5-13H11v6l5.25 3.15.75-1.23-4.5-2.67z"
              />
            </svg>
          </div>
          <div
            class="MuiBox-root MuiBox-root-3"
          >
            <button
              class="MuiButton-root MuiButton-outlined MuiButton-outlinedPrimary MuiButton-sizeMedium MuiButton-outlinedSizeMedium MuiButtonBase-root  css-1d7rih8-MuiButtonBase-root-MuiButton-root"
              tabindex="0"
              type="button"
            >
              Read Now
              <span
                class="MuiTouchRipple-root css-8je8zh-MuiTouchRipple-root"
              />
            </button>
            <button
              class="MuiButton-root MuiButton-contained MuiButton-containedPrimary MuiButton-sizeMedium MuiButton-containedSizeMedium MuiButtonBase-root  css-5te66f-MuiButtonBase-root-MuiButton-root"
              tabindex="0"
              type="button"
            >
              Finished Reading
              <span
                class="MuiTouchRipple-root css-8je8zh-MuiTouchRipple-root"
              />
            </button>
            <button
              class="MuiButton-root MuiButton-text MuiButton-textPrimary MuiButton-sizeMedium MuiButton-textSizeMedium MuiButtonBase-root  css-1x29clv-MuiButtonBase-root-MuiButton-root"
              tabindex="0"
              type="button"
            >
              Send To Kindle
              <span
                class="MuiButton-endIcon MuiButton-iconSizeMedium css-9tj150-MuiButton-endIcon"
              >
                <svg
                  aria-hidden="true"
                  class="MuiSvgIcon-root MuiSvgIcon-fontSizeMedium css-i4bv87-MuiSvgIcon-root"
                  data-testid="ArrowForwardIcon"
                  focusable="false"
                  viewBox="0 0 24 24"
                >
                  <path
                    d="m12 4-1.41 1.41L16.17 11H4v2h12.17l-5.58 5.59L12 20l8-8z"
                  />
                </svg>
              </span>
              <span
                class="MuiTouchRipple-root css-8je8zh-MuiTouchRipple-root"
              />
            </button>
          </div>
          <div
            class="MuiBox-root MuiBox-root-4"
          >
            <div
              class="makeStyles-tabs-5 MuiBox-root css-1gsv261"
            >
              <div
                class="MuiTabs-root css-1dfm0b0-MuiTabs-root"
                data-testid="tabs"
              >
                <div
                  class="MuiTabs-scroller MuiTabs-fixed css-jpln7h-MuiTabs-scroller"
                  style="overflow: hidden; margin-bottom: 0px;"
                >
                  <div
                    class="MuiTabs-flexContainer css-heg063-MuiTabs-flexContainer"
                    role="tablist"
                  >
                    <button
                      aria-selected="true"
                      class="MuiButtonBase-root MuiTab-root MuiTab-textColorSecondary Mui-selected css-1xlyk3o-MuiButtonBase-root-MuiTab-root"
                      data-testid="tab-0"
                      role="tab"
                      tabindex="0"
                      type="button"
                    >
                      Synopsis
                      <span
                        class="MuiTouchRipple-root css-8je8zh-MuiTouchRipple-root"
                      />
                    </button>
                    <button
                      aria-selected="false"
                      class="MuiButtonBase-root MuiTab-root MuiTab-textColorSecondary css-1xlyk3o-MuiButtonBase-root-MuiTab-root"
                      data-testid="tab-1"
                      role="tab"
                      tabindex="-1"
                      type="button"
                    >
                      Who's it for?
                      <span
                        class="MuiTouchRipple-root css-8je8zh-MuiTouchRipple-root"
                      />
                    </button>
                    <button
                      aria-selected="false"
                      class="MuiButtonBase-root MuiTab-root MuiTab-textColorSecondary css-1xlyk3o-MuiButtonBase-root-MuiTab-root"
                      data-testid="tab-2"
                      role="tab"
                      tabindex="-1"
                      type="button"
                    >
                      About the Author
                      <span
                        class="MuiTouchRipple-root css-8je8zh-MuiTouchRipple-root"
                      />
                    </button>
                  </div>
                  <span
                    class="MuiTabs-indicator css-nuqw77-MuiTabs-indicator"
                    style="left: 0px; width: 0px;"
                  />
                </div>
              </div>
            </div>
            <div
              class="MuiBox-root MuiBox-root-6"
            >
              <p
                class="MuiTypography-root MuiTypography-body2 css-1e74oyv-MuiTypography-root"
                data-testid="typo"
              >
                Beyond Entrepreneurship 2.0 (2020) updates Jim Collins and Bill Laziers essential 1992 business handbook, Beyond Entrepreneurship for the entrepreneurs, visionaries, and innovators of today. This new edition combines the timeless business advice and strategy of the original text, supplemented with cutting-edge insights and case studies pertinent to todays business world.
              </p>
            </div>
          </div>
          <div
            class="MuiBox-root MuiBox-root-7"
          >
            <img
              alt="not found"
              class=""
              data-testid="img"
              height="304px"
              src="/Assets/2.png"
              width="304px"
            />
          </div>
        </div>
      </div>
    </div>
  </body>,
  "container": <div>
    <div
      class="MuiBox-root MuiBox-root-1"
    >
      <div
        class="MuiBox-root MuiBox-root-2"
      >
        <p
          class="MuiTypography-root MuiTypography-body2 css-1ofxksp-MuiTypography-root"
          data-testid="typo"
        >
          Get The Key Ideas From
        </p>
        <h1
          class="MuiTypography-root MuiTypography-h1 css-gmx1yk-MuiTypography-root"
          data-testid="typo"
        >
          Beyond Entrepreneurship
        </h1>
        <h6
          class="MuiTypography-root MuiTypography-subtitle2 css-1ax2xp1-MuiTypography-root"
          data-testid="typo"
        >
          Turning Your Business into an Enduring Great Company
        </h6>
        <p
          class="MuiTypography-root MuiTypography-body1 css-1m2q8tz-MuiTypography-root"
          data-testid="typo"
        >
          by Jim Collins & Bill Lazier
        </p>
        <span
          class="MuiTypography-root MuiTypography-caption css-1indtro-MuiTypography-root"
          data-testid="typo"
        >
          15 minute-read
        </span>
        <div
          data-testid="box"
        >
          <svg
            aria-hidden="true"
            class="MuiSvgIcon-root MuiSvgIcon-fontSizeMedium css-f9sn5-MuiSvgIcon-root"
            data-testid="AccessTimeOutlinedIcon"
            focusable="false"
            viewBox="0 0 24 24"
          >
            <path
              d="M11.99 2C6.47 2 2 6.48 2 12s4.47 10 9.99 10C17.52 22 22 17.52 22 12S17.52 2 11.99 2zM12 20c-4.42 0-8-3.58-8-8s3.58-8 8-8 8 3.58 8 8-3.58 8-8 8zm.5-13H11v6l5.25 3.15.75-1.23-4.5-2.67z"
            />
          </svg>
        </div>
        <div
          class="MuiBox-root MuiBox-root-3"
        >
          <button
            class="MuiButton-root MuiButton-outlined MuiButton-outlinedPrimary MuiButton-sizeMedium MuiButton-outlinedSizeMedium MuiButtonBase-root  css-1d7rih8-MuiButtonBase-root-MuiButton-root"
            tabindex="0"
            type="button"
          >
            Read Now
            <span
              class="MuiTouchRipple-root css-8je8zh-MuiTouchRipple-root"
            />
          </button>
          <button
            class="MuiButton-root MuiButton-contained MuiButton-containedPrimary MuiButton-sizeMedium MuiButton-containedSizeMedium MuiButtonBase-root  css-5te66f-MuiButtonBase-root-MuiButton-root"
            tabindex="0"
            type="button"
          >
            Finished Reading
            <span
              class="MuiTouchRipple-root css-8je8zh-MuiTouchRipple-root"
            />
          </button>
          <button
            class="MuiButton-root MuiButton-text MuiButton-textPrimary MuiButton-sizeMedium MuiButton-textSizeMedium MuiButtonBase-root  css-1x29clv-MuiButtonBase-root-MuiButton-root"
            tabindex="0"
            type="button"
          >
            Send To Kindle
            <span
              class="MuiButton-endIcon MuiButton-iconSizeMedium css-9tj150-MuiButton-endIcon"
            >
              <svg
                aria-hidden="true"
                class="MuiSvgIcon-root MuiSvgIcon-fontSizeMedium css-i4bv87-MuiSvgIcon-root"
                data-testid="ArrowForwardIcon"
                focusable="false"
                viewBox="0 0 24 24"
              >
                <path
                  d="m12 4-1.41 1.41L16.17 11H4v2h12.17l-5.58 5.59L12 20l8-8z"
                />
              </svg>
            </span>
            <span
              class="MuiTouchRipple-root css-8je8zh-MuiTouchRipple-root"
            />
          </button>
        </div>
        <div
          class="MuiBox-root MuiBox-root-4"
        >
          <div
            class="makeStyles-tabs-5 MuiBox-root css-1gsv261"
          >
            <div
              class="MuiTabs-root css-1dfm0b0-MuiTabs-root"
              data-testid="tabs"
            >
              <div
                class="MuiTabs-scroller MuiTabs-fixed css-jpln7h-MuiTabs-scroller"
                style="overflow: hidden; margin-bottom: 0px;"
              >
                <div
                  class="MuiTabs-flexContainer css-heg063-MuiTabs-flexContainer"
                  role="tablist"
                >
                  <button
                    aria-selected="true"
                    class="MuiButtonBase-root MuiTab-root MuiTab-textColorSecondary Mui-selected css-1xlyk3o-MuiButtonBase-root-MuiTab-root"
                    data-testid="tab-0"
                    role="tab"
                    tabindex="0"
                    type="button"
                  >
                    Synopsis
                    <span
                      class="MuiTouchRipple-root css-8je8zh-MuiTouchRipple-root"
                    />
                  </button>
                  <button
                    aria-selected="false"
                    class="MuiButtonBase-root MuiTab-root MuiTab-textColorSecondary css-1xlyk3o-MuiButtonBase-root-MuiTab-root"
                    data-testid="tab-1"
                    role="tab"
                    tabindex="-1"
                    type="button"
                  >
                    Who's it for?
                    <span
                      class="MuiTouchRipple-root css-8je8zh-MuiTouchRipple-root"
                    />
                  </button>
                  <button
                    aria-selected="false"
                    class="MuiButtonBase-root MuiTab-root MuiTab-textColorSecondary css-1xlyk3o-MuiButtonBase-root-MuiTab-root"
                    data-testid="tab-2"
                    role="tab"
                    tabindex="-1"
                    type="button"
                  >
                    About the Author
                    <span
                      class="MuiTouchRipple-root css-8je8zh-MuiTouchRipple-root"
                    />
                  </button>
                </div>
                <span
                  class="MuiTabs-indicator css-nuqw77-MuiTabs-indicator"
                  style="left: 0px; width: 0px;"
                />
              </div>
            </div>
          </div>
          <div
            class="MuiBox-root MuiBox-root-6"
          >
            <p
              class="MuiTypography-root MuiTypography-body2 css-1e74oyv-MuiTypography-root"
              data-testid="typo"
            >
              Beyond Entrepreneurship 2.0 (2020) updates Jim Collins and Bill Laziers essential 1992 business handbook, Beyond Entrepreneurship for the entrepreneurs, visionaries, and innovators of today. This new edition combines the timeless business advice and strategy of the original text, supplemented with cutting-edge insights and case studies pertinent to todays business world.
            </p>
          </div>
        </div>
        <div
          class="MuiBox-root MuiBox-root-7"
        >
          <img
            alt="not found"
            class=""
            data-testid="img"
            height="304px"
            src="/Assets/2.png"
            width="304px"
          />
        </div>
      </div>
    </div>
  </div>,
  "debug": [Function],
  "findAllByAltText": [Function],
  "findAllByDisplayValue": [Function],
  "findAllByLabelText": [Function],
  "findAllByPlaceholderText": [Function],
  "findAllByRole": [Function],
  "findAllByTestId": [Function],
  "findAllByText": [Function],
  "findAllByTitle": [Function],
  "findByAltText": [Function],
  "findByDisplayValue": [Function],
  "findByLabelText": [Function],
  "findByPlaceholderText": [Function],
  "findByRole": [Function],
  "findByTestId": [Function],
  "findByText": [Function],
  "findByTitle": [Function],
  "getAllByAltText": [Function],
  "getAllByDisplayValue": [Function],
  "getAllByLabelText": [Function],
  "getAllByPlaceholderText": [Function],
  "getAllByRole": [Function],
  "getAllByTestId": [Function],
  "getAllByText": [Function],
  "getAllByTitle": [Function],
  "getByAltText": [Function],
  "getByDisplayValue": [Function],
  "getByLabelText": [Function],
  "getByPlaceholderText": [Function],
  "getByRole": [Function],
  "getByTestId": [Function],
  "getByText": [Function],
  "getByTitle": [Function],
  "queryAllByAltText": [Function],
  "queryAllByDisplayValue": [Function],
  "queryAllByLabelText": [Function],
  "queryAllByPlaceholderText": [Function],
  "queryAllByRole": [Function],
  "queryAllByTestId": [Function],
  "queryAllByText": [Function],
  "queryAllByTitle": [Function],
  "queryByAltText": [Function],
  "queryByDisplayValue": [Function],
  "queryByLabelText": [Function],
  "queryByPlaceholderText": [Function],
  "queryByRole": [Function],
  "queryByTestId": [Function],
  "queryByText": [Function],
  "queryByTitle": [Function],
  "rerender": [Function],
  "unmount": [Function],
}
`;
